 INFO:root:log this line of executation
INFO:root:this is my print
WARNING:root:this is my wrning msg
ERROR:root:this is my error
CRITICAL:root:this is my critical msg
INFO:root:this is my info logging
ERROR:root:this is my error msg
CRITICAL:root:this is my critical
INFO:root:this is my info logging
ERROR:root:this is my error msg
CRITICAL:root:this is my critical
